// Jest Snapshot v1, https://goo.gl/fbAQLP

exports[`matches snapshot 1`] = `
<div
  className="btn-style"
  data-testid="button"
>
  test
</div>
`;
